// Jest Snapshot v1, https://goo.gl/fbAQLP

exports[`Navbar renders correctly 1`] = `
<nav
  className="navbar"
>
  <a
    aria-current="page"
    className="navbar-brand active"
    href="/"
    onClick={[Function]}
  >
    <svg
      className="navbar-return"
      fill="currentColor"
      height="1em"
      stroke="currentColor"
      strokeWidth="0"
      style={
        Object {
          "color": undefined,
        }
      }
      viewBox="0 0 1024 1024"
      width="1em"
      xmlns="http://www.w3.org/2000/svg"
    >
      <path
        d="M347.6 528.95l383.2 301.02c14.25 11.2 35.2 1.1 35.2-16.95V210.97c0-18.05-20.95-28.14-35.2-16.94L347.6 495.05a21.53 21.53 0 0 0 0 33.9M330 864h-64a8 8 0 0 1-8-8V168a8 8 0 0 1 8-8h64a8 8 0 0 1 8 8v688a8 8 0 0 1-8 8"
      />
    </svg>
    <span>
      2022
    </span>
  </a>
  <a
    aria-current="page"
    className="navbar-brand-title active"
    href="/"
    onClick={[Function]}
  >
    <svg
      className="navbar-img"
      fill="currentColor"
      height="1em"
      role="img"
      stroke="currentColor"
      strokeWidth="0"
      style={
        Object {
          "color": undefined,
        }
      }
      viewBox="0 0 24 24"
      width="1em"
      xmlns="http://www.w3.org/2000/svg"
    >
      <title />
      <path
        d="M23.638 14.904c-1.602 6.43-8.113 10.34-14.542 8.736C2.67 22.05-1.244 15.525.362 9.105 1.962 2.67 8.475-1.243 14.9.358c6.43 1.605 10.342 8.115 8.738 14.548v-.002zm-6.35-4.613c.24-1.59-.974-2.45-2.64-3.03l.54-2.153-1.315-.33-.525 2.107c-.345-.087-.705-.167-1.064-.25l.526-2.127-1.32-.33-.54 2.165c-.285-.067-.565-.132-.84-.2l-1.815-.45-.35 1.407s.975.225.955.236c.535.136.63.486.615.766l-1.477 5.92c-.075.166-.24.406-.614.314.015.02-.96-.24-.96-.24l-.66 1.51 1.71.426.93.242-.54 2.19 1.32.327.54-2.17c.36.1.705.19 1.05.273l-.51 2.154 1.32.33.545-2.19c2.24.427 3.93.257 4.64-1.774.57-1.637-.03-2.58-1.217-3.196.854-.193 1.5-.76 1.68-1.93h.01zm-3.01 4.22c-.404 1.64-3.157.75-4.05.53l.72-2.9c.896.23 3.757.67 3.33 2.37zm.41-4.24c-.37 1.49-2.662.735-3.405.55l.654-2.64c.744.18 3.137.524 2.75 2.084v.006z"
      />
    </svg>
    <h1>
      CRYPTO CURRENCIES
    </h1>
  </a>
  <div
    className="navbar-brand"
  >
    <div
      className="navbar-user"
    >
      <div
        className="nav-item"
      >
        <svg
          className="navbar-icon"
          fill="currentColor"
          height="1em"
          stroke="currentColor"
          strokeWidth="0"
          style={
            Object {
              "color": undefined,
            }
          }
          viewBox="0 0 352 512"
          width="1em"
          xmlns="http://www.w3.org/2000/svg"
        >
          <path
            d="M176 352c53.02 0 96-42.98 96-96V96c0-53.02-42.98-96-96-96S80 42.98 80 96v160c0 53.02 42.98 96 96 96zm160-160h-16c-8.84 0-16 7.16-16 16v48c0 74.8-64.49 134.82-140.79 127.38C96.71 376.89 48 317.11 48 250.3V208c0-8.84-7.16-16-16-16H16c-8.84 0-16 7.16-16 16v40.16c0 89.64 63.97 169.55 152 181.69V464H96c-8.84 0-16 7.16-16 16v16c0 8.84 7.16 16 16 16h160c8.84 0 16-7.16 16-16v-16c0-8.84-7.16-16-16-16h-56v-33.77C285.71 418.47 352 344.9 352 256v-48c0-8.84-7.16-16-16-16z"
          />
        </svg>
      </div>
      <div
        className="nav-item"
      >
        <svg
          className="navbar-icon"
          fill="currentColor"
          height="1em"
          stroke="currentColor"
          strokeWidth="0"
          style={
            Object {
              "color": undefined,
            }
          }
          viewBox="0 0 24 24"
          width="1em"
          xmlns="http://www.w3.org/2000/svg"
        >
          <path
            clipRule="evenodd"
            d="M19.85 8.75l4.15.83v4.84l-4.15.83 2.35 3.52-3.43 3.43-3.52-2.35-.83 4.15H9.58l-.83-4.15-3.52 2.35-3.43-3.43 2.35-3.52L0 14.42V9.58l4.15-.83L1.8 5.23 5.23 1.8l3.52 2.35L9.58 0h4.84l.83 4.15 3.52-2.35 3.43 3.43-2.35 3.52zm-1.57 5.07l4-.81v-2l-4-.81-.54-1.3 2.29-3.43-1.43-1.43-3.43 2.29-1.3-.54-.81-4h-2l-.81 4-1.3.54-3.43-2.29-1.43 1.43L6.38 8.9l-.54 1.3-4 .81v2l4 .81.54 1.3-2.29 3.43 1.43 1.43 3.43-2.29 1.3.54.81 4h2l.81-4 1.3-.54 3.43 2.29 1.43-1.43-2.29-3.43.54-1.3zm-8.186-4.672A3.43 3.43 0 0 1 12 8.57 3.44 3.44 0 0 1 15.43 12a3.43 3.43 0 1 1-5.336-2.852zm.956 4.274c.281.188.612.288.95.288A1.7 1.7 0 0 0 13.71 12a1.71 1.71 0 1 0-2.66 1.422z"
            fillRule="evenodd"
          />
        </svg>
      </div>
    </div>
  </div>
</nav>
`;
